../Core/Src/main.c:75:5:main	8	static
../Core/Src/main.c:127:6:SystemClock_Config	88	static
../Core/Src/main.c:174:13:MX_TIM1_Init	32	static
../Core/Src/main.c:220:13:MX_TIM2_Init	64	static
../Core/Src/main.c:279:13:MX_TIM3_Init	32	static
../Core/Src/main.c:324:13:MX_USART2_UART_Init	8	static
../Core/Src/main.c:357:13:MX_GPIO_Init	48	static
../Core/Src/main.c:384:6:HAL_GPIO_EXTI_Callback	16	static
../Core/Src/main.c:392:6:HAL_TIM_PeriodElapsedCallback	16	static
../Core/Src/main.c:409:6:Error_Handler	4	static,ignoring_inline_asm
